Application     C:\Users\Big-Max\Desktop\Psycho Scales App\Pscho Scales App.ent
Type            ENTRY
Input Data      <<CSPro DB>> C:\Users\Big-Max\Desktop\Psycho Scales App\try.csdb

Date            May 12, 2021
Start Time      22:46:12
End Time        22:46:13

CSPRO Process Summary

CSPRO Executor Normal End
------------------------------------------------------------------------------------------------------------------------
Application     C:\Users\Big-Max\Desktop\Psycho Scales App\Pscho Scales App.ent
Type            ENTRY
Input Data      <<CSPro DB>> C:\Users\Big-Max\Desktop\Psycho Scales App\try.csdb

Date            May 12, 2021
Start Time      22:46:45
End Time        22:46:48

CSPRO Process Summary

CSPRO Executor Normal End
------------------------------------------------------------------------------------------------------------------------
Application     C:\Users\Big-Max\Desktop\Psycho Scales App\Pscho Scales App.ent
Type            ENTRY
Input Data      <<CSPro DB>> C:\Users\Big-Max\Desktop\Psycho Scales App\try.csdb

Date            May 12, 2021
Start Time      22:47:03
End Time        22:47:21

CSPRO Process Summary

CSPRO Executor Normal End
------------------------------------------------------------------------------------------------------------------------
Application     C:\Users\Big-Max\Desktop\Psycho Scales App - Copy\Pscho Scales App.ent
Type            ENTRY
Input Data      <<CSPro DB>> C:\Users\Big-Max\Desktop\Psycho Scales App - Copy\try.csdb

Date            May 13, 2021
Start Time      01:50:42
End Time        01:52:41

CSPRO Process Summary

CSPRO Executor Normal End
------------------------------------------------------------------------------------------------------------------------
Application     C:\Users\Big-Max\Desktop\Psycho Scales App - Copy\Pscho Scales App.ent
Type            ENTRY
Input Data      <<CSPro DB>> C:\Users\Big-Max\Desktop\Psycho Scales App - Copy\try.csdb

Date            May 13, 2021
Start Time      02:01:24
End Time        02:05:03

CSPRO Process Summary

CSPRO Executor Normal End
------------------------------------------------------------------------------------------------------------------------
Application     C:\Users\Big-Max\Desktop\Psycho Scales App - Copy\Pscho Scales App.ent
Type            ENTRY
Input Data      <<CSPro DB>> C:\Users\Big-Max\Desktop\Psycho Scales App - Copy\try.csdb

Date            May 13, 2021
Start Time      09:10:50
End Time        09:11:32

CSPRO Process Summary

CSPRO Executor Normal End
------------------------------------------------------------------------------------------------------------------------
Application     C:\Users\Big-Max\Desktop\Psycho Scales App - Copy\Pscho Scales App.ent
Type            ENTRY
Input Data      <<CSPro DB>> C:\Users\Big-Max\Desktop\Psycho Scales App - Copy\try.csdb

Date            May 13, 2021
Start Time      22:48:47
End Time        22:49:15

CSPRO Process Summary

CSPRO Executor Normal End
------------------------------------------------------------------------------------------------------------------------
Application     C:\Users\Big-Max\Desktop\Psycho Scales App - Copy\Pscho Scales App.ent
Type            ENTRY
Input Data      <<CSPro DB>> C:\Users\Big-Max\Desktop\Psycho Scales App - Copy\try.csdb

Date            May 13, 2021
Start Time      22:53:49
End Time        22:54:16

CSPRO Process Summary

CSPRO Executor Normal End
------------------------------------------------------------------------------------------------------------------------
